000 (562024.000.000) 05/13 01:59:41 Job submitted from host: <188.185.88.162:9618?addrs=188.185.88.162-9618+[2001-1458-d00-40--100-568]-9618&alias=bigbird24.cern.ch&noUDP&sock=schedd_1573_8690>
...
040 (562024.000.000) 05/13 02:00:22 Started transferring input files
	Transferring to host: <128.142.241.88:9618?addrs=128.142.241.88-9618+[2001-1458-301-ce--100-183]-9618&alias=b9g47n2314.cern.ch&noUDP&sock=slot1_3_7914_e0fb_5991>
...
040 (562024.000.000) 05/13 02:00:24 Finished transferring input files
...
001 (562024.000.000) 05/13 02:00:25 Job executing on host: <128.142.241.88:9618?addrs=128.142.241.88-9618+[2001-1458-301-ce--100-183]-9618&alias=b9g47n2314.cern.ch&noUDP&sock=startd_7701_d2ed>
	SlotName: slot1_3@b9g47n2314.cern.ch
	AvailableGPUs = { GPUs_GPU_c008e977 }
	CondorScratchDir = "/pool/condor/dir_2480992"
	Cpus = 3
	Disk = 2048
	GPUs = 1
	GPUs_GPU_c008e977 = [ Id = "GPU-c008e977"; ClockMhz = 1380.0; Capability = 7.0; CoresPerCU = 64; DeviceName = "Tesla V100-PCIE-32GB"; DeviceUuid = "c008e977-ed1c-1f3f-aad7-e90408f82a9b"; ECCEnabled = true; ComputeUnits = 80; NvidiaDriver = "580.95.05"; DriverVersion = 13.0; DevicePciBusId = "0000:09:00.0"; GlobalMemoryMb = 32494; MaxSupportedVersion = 13000 ]
	Memory = 9000
...
006 (562024.000.000) 05/13 02:00:33 Image size of job updated: 23036
	23  -  MemoryUsage of job (MB)
	23036  -  ResidentSetSize of job (KB)
...
006 (562024.000.000) 05/13 02:01:15 Image size of job updated: 1498584
	23  -  MemoryUsage of job (MB)
	23064  -  ResidentSetSize of job (KB)
...
040 (562024.000.000) 05/13 02:01:16 Started transferring output files
...
040 (562024.000.000) 05/13 02:01:16 Finished transferring output files
...
005 (562024.000.000) 05/13 02:01:16 Job terminated.
	(1) Normal termination (return value 1)
		Usr 0 00:00:10, Sys 0 00:00:09  -  Run Remote Usage
		Usr 0 00:00:00, Sys 0 00:00:00  -  Run Local Usage
		Usr 0 00:00:10, Sys 0 00:00:09  -  Total Remote Usage
		Usr 0 00:00:00, Sys 0 00:00:00  -  Total Local Usage
	3742  -  Run Bytes Sent By Job
	253  -  Run Bytes Received By Job
	3742  -  Total Bytes Sent By Job
	253  -  Total Bytes Received By Job
	Partitionable Resources :    Usage  Request Allocated Assigned
	   Cpus                 :        0        3         3 
	   Disk (KB)            :       40        1      2048 
	   GPUs                 :                 1         1 "GPU-c008e977"
	   Memory (MB)          :       23     9000      9000 
	   TimeExecute (s)      :       50                    
	   TimeSlotBusy (s)     :       55                    
...
