000 (562028.000.000) 05/13 02:14:05 Job submitted from host: <188.185.88.162:9618?addrs=188.185.88.162-9618+[2001-1458-d00-40--100-568]-9618&alias=bigbird24.cern.ch&noUDP&sock=schedd_1573_8690>
...
040 (562028.000.000) 05/13 02:14:18 Started transferring input files
	Transferring to host: <188.184.195.94:9618?addrs=188.184.195.94-9618+[2001-1458-301-72--100-30]-9618&alias=b9g47n8731.cern.ch&noUDP&sock=slot1_1_667760_140b_81674>
...
040 (562028.000.000) 05/13 02:14:19 Finished transferring input files
...
001 (562028.000.000) 05/13 02:14:20 Job executing on host: <188.184.195.94:9618?addrs=188.184.195.94-9618+[2001-1458-301-72--100-30]-9618&alias=b9g47n8731.cern.ch&noUDP&sock=startd_13613_f6d5>
	SlotName: slot1_1@b9g47n8731.cern.ch
	AvailableGPUs = { GPUs_GPU_c4e6d068 }
	CondorScratchDir = "/pool/condor/dir_333046"
	Cpus = 3
	Disk = 2048
	GPUs = 1
	GPUs_GPU_c4e6d068 = [ Id = "GPU-c4e6d068"; ClockMhz = 1597.0; Capability = 7.0; CoresPerCU = 64; DeviceName = "Tesla V100S-PCIE-32GB"; DeviceUuid = "c4e6d068-3d0c-fa9f-2659-d325e40f57e2"; ECCEnabled = true; ComputeUnits = 80; DriverVersion = 13.0; DevicePciBusId = "0000:07:00.0"; GlobalMemoryMb = 32494; MaxSupportedVersion = 13000 ]
	Memory = 9000
...
006 (562028.000.000) 05/13 02:14:34 Image size of job updated: 21800
	22  -  MemoryUsage of job (MB)
	21800  -  ResidentSetSize of job (KB)
...
006 (562028.000.000) 05/13 02:16:59 Image size of job updated: 1693852
	22  -  MemoryUsage of job (MB)
	21800  -  ResidentSetSize of job (KB)
...
040 (562028.000.000) 05/13 02:17:00 Started transferring output files
...
040 (562028.000.000) 05/13 02:17:00 Finished transferring output files
...
005 (562028.000.000) 05/13 02:17:00 Job terminated.
	(1) Normal termination (return value 0)
		Usr 0 00:02:46, Sys 0 00:01:24  -  Run Remote Usage
		Usr 0 00:00:00, Sys 0 00:00:00  -  Run Local Usage
		Usr 0 00:02:46, Sys 0 00:01:24  -  Total Remote Usage
		Usr 0 00:00:00, Sys 0 00:00:00  -  Total Local Usage
	0  -  Run Bytes Sent By Job
	89  -  Run Bytes Received By Job
	0  -  Total Bytes Sent By Job
	89  -  Total Bytes Received By Job
	Partitionable Resources :    Usage  Request Allocated Assigned
	   Cpus                 :        0        3         3 
	   Disk (KB)            :       38        1      2048 
	   GPUs                 :                 1         1 "GPU-c4e6d068"
	   Memory (MB)          :       22     9000      9000 
	   TimeExecute (s)      :      159                    
	   TimeSlotBusy (s)     :      163                    
...
