000 (561869.000.000) 05/12 19:40:34 Job submitted from host: <188.185.88.162:9618?addrs=188.185.88.162-9618+[2001-1458-d00-40--100-568]-9618&alias=bigbird24.cern.ch&noUDP&sock=schedd_1573_8690>
...
040 (561869.000.000) 05/12 19:49:59 Started transferring input files
	Transferring to host: <188.185.190.81:9618?addrs=188.185.190.81-9618+[2001-1458-d03-b--100-14e]-9618&alias=b9pgpun202.cern.ch&noUDP&sock=slot1_1_3025_22d4_16850>
...
040 (561869.000.000) 05/12 19:50:00 Finished transferring input files
...
001 (561869.000.000) 05/12 19:50:01 Job executing on host: <188.185.190.81:9618?addrs=188.185.190.81-9618+[2001-1458-d03-b--100-14e]-9618&alias=b9pgpun202.cern.ch&noUDP&sock=startd_2201_480a>
	SlotName: slot1_1@b9pgpun202.cern.ch
	AvailableGPUs = { GPUs_MIG_ee062cdf_f4f4_5a8c_a011_753f3573f541 }
	CondorScratchDir = "/pool/condor/dir_1962564"
	Cpus = 3
	Disk = 2049
	GPUs = 1
	GPUs_MIG_ee062cdf_f4f4_5a8c_a011_753f3573f541 = [ Id = "MIG-ee062cdf-f4f4-5a8c-a011-753f3573f541"; DeviceName = "NVIDIA H100L-2-24C MIG 2g.24gb"; DeviceUuid = "MIG-ee062cdf-f4f4-5a8c-a011-753f3573f541"; ComputeUnits = 32; GlobalMemoryMb = 21547 ]
	Memory = 9000
...
006 (561869.000.000) 05/12 19:50:09 Image size of job updated: 182732
	179  -  MemoryUsage of job (MB)
	182732  -  ResidentSetSize of job (KB)
...
006 (561869.000.000) 05/12 19:53:51 Image size of job updated: 1087748
	179  -  MemoryUsage of job (MB)
	182804  -  ResidentSetSize of job (KB)
...
040 (561869.000.000) 05/12 19:53:51 Started transferring output files
...
040 (561869.000.000) 05/12 19:53:52 Finished transferring output files
...
005 (561869.000.000) 05/12 19:53:52 Job terminated.
	(1) Normal termination (return value 0)
		Usr 0 00:05:52, Sys 0 00:02:22  -  Run Remote Usage
		Usr 0 00:00:00, Sys 0 00:00:00  -  Run Local Usage
		Usr 0 00:05:52, Sys 0 00:02:22  -  Total Remote Usage
		Usr 0 00:00:00, Sys 0 00:00:00  -  Total Local Usage
	4675  -  Run Bytes Sent By Job
	253  -  Run Bytes Received By Job
	4675  -  Total Bytes Sent By Job
	253  -  Total Bytes Received By Job
	Partitionable Resources :    Usage  Request Allocated Assigned
	   Cpus                 :     0.96        3         3 
	   Disk (KB)            :    65           1      2049 
	   GPUs                 :                 1         1 "MIG-ee062cdf-f4f4-5a8c-a011-753f3573f541"
	   Memory (MB)          :   179        9000      9000 
	   TimeExecute (s)      :   230                       
	   TimeSlotBusy (s)     :   234                       
...
